// Jest Snapshot v1, https://goo.gl/fbAQLP

exports[`renders aboutpage unchanged 1`] = `
<div>
  <div
    class="flex flex-col h-screen"
  >
    <nav
      class="flex justify-between items-center bg-gray-800 p-4 text-white"
    >
      <div
        class="flex space-x-4"
      >
        <button
          class="px-4 py-2 rounded bg-gray-700 hover:bg-gray-600"
        >
          Home
        </button>
        <button
          class="bg-blue-600 px-4 py-2 rounded text-white"
        >
          About Page
        </button>
      </div>
      <div
        class="relative"
      >
        <div
          class="cursor-pointer text-2xl"
        >
          <svg
            fill="currentColor"
            height="1em"
            stroke="currentColor"
            stroke-width="0"
            viewBox="0 0 496 512"
            width="1em"
            xmlns="http://www.w3.org/2000/svg"
          >
            <path
              d="M248 8C111 8 0 119 0 256s111 248 248 248 248-111 248-248S385 8 248 8zm0 96c48.6 0 88 39.4 88 88s-39.4 88-88 88-88-39.4-88-88 39.4-88 88-88zm0 344c-58.7 0-111.3-26.6-146.5-68.2 18.8-35.4 55.6-59.8 98.5-59.8 2.4 0 4.8.4 7.1 1.1 13 4.2 26.6 6.9 40.9 6.9 14.3 0 28-2.7 40.9-6.9 2.3-.7 4.7-1.1 7.1-1.1 42.9 0 79.7 24.4 98.5 59.8C359.3 421.4 306.7 448 248 448z"
            />
          </svg>
        </div>
      </div>
    </nav>
    <div
      class="flex flex-col items-center justify-start min-h-screen text-center p-6 w-full max-w-3xl mx-auto"
    >
      <h1
        class="text-3xl font-bold mb-4 text-center w-full"
      >
        Welcome to Our About Page
      </h1>
      <p
        class="text-red-500 text-center"
      >
        Error: 
        fetch is not defined
      </p>
      <p
        class="text-gray-600 text-center w-full"
      >
        No data available.
      </p>
    </div>
  </div>
</div>
`;
